../Core/Src/main.c:105:5:main	8	static
../Core/Src/main.c:193:6:SystemClock_Config	88	static
../Core/Src/main.c:239:6:Screens	8	static
../Core/Src/main.c:346:6:System_Start	16	static
../Core/Src/main.c:358:6:HAL_GPIO_EXTI_Callback	16	static
../Core/Src/main.c:366:6:HAL_I2C_MemRxCpltCallback	16	static
../Core/Src/main.c:375:6:HAL_TIM_PeriodElapsedCallback	16	static
../Core/Src/main.c:387:6:Update_BMP	16	static
../Core/Src/main.c:422:6:Update_Screen	8	static
../Core/Src/main.c:472:13:Pos_Servo	24	static
../Core/Src/main.c:500:13:alerta	8	static
../Core/Src/main.c:515:14:Ler_Nivel	56	static
../Core/Src/main.c:554:6:Error_Handler	4	static,ignoring_inline_asm
