../Core/Src/main.c:93:5:main	8	static
../Core/Src/main.c:171:6:SystemClock_Config	88	static
../Core/Src/main.c:217:6:Screens	8	static
../Core/Src/main.c:317:6:System_Start	16	static
../Core/Src/main.c:328:6:HAL_GPIO_EXTI_Callback	16	static
../Core/Src/main.c:337:6:HAL_I2C_MemRxCpltCallback	16	static
../Core/Src/main.c:344:6:HAL_TIM_PeriodElapsedCallback	16	static
../Core/Src/main.c:356:6:Update_BMP_HCSR04	16	static
../Core/Src/main.c:391:6:Update_MPU6050	8	static
../Core/Src/main.c:444:13:Pos_Servo	24	static
../Core/Src/main.c:461:13:alerta	8	static
../Core/Src/main.c:478:14:Ler_Nivel	56	static
../Core/Src/main.c:516:6:Error_Handler	4	static,ignoring_inline_asm
